// Jest Snapshot v1, https://goo.gl/fbAQLP

exports[`AddButton renders correctly 1`] = `
<button
  className="add_button"
  onClick={[Function]}
  type="button"
/>
`;
