// Jest Snapshot v1, https://goo.gl/fbAQLP

exports[`Card renders correctly 1`] = `
<div
  className="card-wrapper"
>
  <p
    className="capture"
  >
    Поступления
    :
  </p>
  <div
    className="card"
  />
</div>
`;
