// Jest Snapshot v1, https://goo.gl/fbAQLP

exports[`CardList renders correctly 1`] = `
Array [
  <button
    className="close_button "
  />,
  <ul
    className="card-list"
  />,
]
`;
